Analysis & Synthesis report for IITB-proc
Thu May 20 13:16:17 2021
Quartus Prime Version 20.1.0 Build 711 06/05/2020 SJ Lite Edition


---------------------
; Table of Contents ;
---------------------
  1. Legal Notice
  2. Analysis & Synthesis Summary
  3. Analysis & Synthesis Settings
  4. Analysis & Synthesis Source Files Read
  5. Analysis & Synthesis Resource Usage Summary
  6. Analysis & Synthesis Resource Utilization by Entity
  7. Analysis & Synthesis RAM Summary
  8. Registers Removed During Synthesis
  9. General Register Statistics
 10. Registers Packed Into Inferred Megafunctions
 11. Multiplexer Restructuring Statistics (Restructuring Performed)
 12. Source assignments for datapath:dp|memory:memory_instance|altsyncram:ram_rtl_0|altsyncram_00m1:auto_generated
 13. Parameter Settings for Inferred Entity Instance: datapath:dp|memory:memory_instance|altsyncram:ram_rtl_0
 14. altsyncram Parameter Settings by Entity Instance
 15. Post-Synthesis Netlist Statistics for Top Partition
 16. Elapsed Time Per Partition
 17. Analysis & Synthesis Messages



----------------
; Legal Notice ;
----------------
Copyright (C) 2020  Intel Corporation. All rights reserved.
Your use of Intel Corporation's design tools, logic functions 
and other software and tools, and any partner logic 
functions, and any output files from any of the foregoing 
(including device programming or simulation files), and any 
associated documentation or information are expressly subject 
to the terms and conditions of the Intel Program License 
Subscription Agreement, the Intel Quartus Prime License Agreement,
the Intel FPGA IP License Agreement, or other applicable license
agreement, including, without limitation, that your use is for
the sole purpose of programming logic devices manufactured by
Intel and sold by Intel or its authorized distributors.  Please
refer to the applicable agreement for further details, at
https://fpgasoftware.intel.com/eula.



+----------------------------------------------------------------------------------+
; Analysis & Synthesis Summary                                                     ;
+------------------------------------+---------------------------------------------+
; Analysis & Synthesis Status        ; Successful - Thu May 20 13:16:16 2021       ;
; Quartus Prime Version              ; 20.1.0 Build 711 06/05/2020 SJ Lite Edition ;
; Revision Name                      ; IITB-proc                                   ;
; Top-level Entity Name              ; iitbproc                                    ;
; Family                             ; Cyclone 10 LP                               ;
; Total logic elements               ; 753                                         ;
;     Total combinational functions  ; 641                                         ;
;     Dedicated logic registers      ; 211                                         ;
; Total registers                    ; 211                                         ;
; Total pins                         ; 36                                          ;
; Total virtual pins                 ; 0                                           ;
; Total memory bits                  ; 1,048,576                                   ;
; Embedded Multiplier 9-bit elements ; 0                                           ;
; Total PLLs                         ; 0                                           ;
+------------------------------------+---------------------------------------------+


+------------------------------------------------------------------------------------------------------------+
; Analysis & Synthesis Settings                                                                              ;
+------------------------------------------------------------------+--------------------+--------------------+
; Option                                                           ; Setting            ; Default Value      ;
+------------------------------------------------------------------+--------------------+--------------------+
; Top-level entity name                                            ; iitbproc           ; IITB-proc          ;
; Family name                                                      ; Cyclone 10 LP      ; Cyclone V          ;
; Use smart compilation                                            ; Off                ; Off                ;
; Enable parallel Assembler and Timing Analyzer during compilation ; On                 ; On                 ;
; Enable compact report table                                      ; Off                ; Off                ;
; Restructure Multiplexers                                         ; Auto               ; Auto               ;
; Create Debugging Nodes for IP Cores                              ; Off                ; Off                ;
; Preserve fewer node names                                        ; On                 ; On                 ;
; Intel FPGA IP Evaluation Mode                                    ; Enable             ; Enable             ;
; Verilog Version                                                  ; Verilog_2001       ; Verilog_2001       ;
; VHDL Version                                                     ; VHDL_1993          ; VHDL_1993          ;
; State Machine Processing                                         ; Auto               ; Auto               ;
; Safe State Machine                                               ; Off                ; Off                ;
; Extract Verilog State Machines                                   ; On                 ; On                 ;
; Extract VHDL State Machines                                      ; On                 ; On                 ;
; Ignore Verilog initial constructs                                ; Off                ; Off                ;
; Iteration limit for constant Verilog loops                       ; 5000               ; 5000               ;
; Iteration limit for non-constant Verilog loops                   ; 250                ; 250                ;
; Add Pass-Through Logic to Inferred RAMs                          ; On                 ; On                 ;
; Infer RAMs from Raw Logic                                        ; On                 ; On                 ;
; Parallel Synthesis                                               ; On                 ; On                 ;
; DSP Block Balancing                                              ; Auto               ; Auto               ;
; NOT Gate Push-Back                                               ; On                 ; On                 ;
; Power-Up Don't Care                                              ; On                 ; On                 ;
; Remove Redundant Logic Cells                                     ; Off                ; Off                ;
; Remove Duplicate Registers                                       ; On                 ; On                 ;
; Ignore CARRY Buffers                                             ; Off                ; Off                ;
; Ignore CASCADE Buffers                                           ; Off                ; Off                ;
; Ignore GLOBAL Buffers                                            ; Off                ; Off                ;
; Ignore ROW GLOBAL Buffers                                        ; Off                ; Off                ;
; Ignore LCELL Buffers                                             ; Off                ; Off                ;
; Ignore SOFT Buffers                                              ; On                 ; On                 ;
; Limit AHDL Integers to 32 Bits                                   ; Off                ; Off                ;
; Optimization Technique                                           ; Balanced           ; Balanced           ;
; Carry Chain Length                                               ; 70                 ; 70                 ;
; Auto Carry Chains                                                ; On                 ; On                 ;
; Auto Open-Drain Pins                                             ; On                 ; On                 ;
; Perform WYSIWYG Primitive Resynthesis                            ; Off                ; Off                ;
; Auto ROM Replacement                                             ; On                 ; On                 ;
; Auto RAM Replacement                                             ; On                 ; On                 ;
; Auto DSP Block Replacement                                       ; On                 ; On                 ;
; Auto Shift Register Replacement                                  ; Auto               ; Auto               ;
; Allow Shift Register Merging across Hierarchies                  ; Auto               ; Auto               ;
; Auto Clock Enable Replacement                                    ; On                 ; On                 ;
; Strict RAM Replacement                                           ; Off                ; Off                ;
; Allow Synchronous Control Signals                                ; On                 ; On                 ;
; Force Use of Synchronous Clear Signals                           ; Off                ; Off                ;
; Auto RAM Block Balancing                                         ; On                 ; On                 ;
; Auto RAM to Logic Cell Conversion                                ; Off                ; Off                ;
; Auto Resource Sharing                                            ; Off                ; Off                ;
; Allow Any RAM Size For Recognition                               ; Off                ; Off                ;
; Allow Any ROM Size For Recognition                               ; Off                ; Off                ;
; Allow Any Shift Register Size For Recognition                    ; Off                ; Off                ;
; Use LogicLock Constraints during Resource Balancing              ; On                 ; On                 ;
; Ignore translate_off and synthesis_off directives                ; Off                ; Off                ;
; Timing-Driven Synthesis                                          ; On                 ; On                 ;
; Report Parameter Settings                                        ; On                 ; On                 ;
; Report Source Assignments                                        ; On                 ; On                 ;
; Report Connectivity Checks                                       ; On                 ; On                 ;
; Ignore Maximum Fan-Out Assignments                               ; Off                ; Off                ;
; Synchronization Register Chain Length                            ; 2                  ; 2                  ;
; Power Optimization During Synthesis                              ; Normal compilation ; Normal compilation ;
; HDL message level                                                ; Level2             ; Level2             ;
; Suppress Register Optimization Related Messages                  ; Off                ; Off                ;
; Number of Removed Registers Reported in Synthesis Report         ; 5000               ; 5000               ;
; Number of Swept Nodes Reported in Synthesis Report               ; 5000               ; 5000               ;
; Number of Inverted Registers Reported in Synthesis Report        ; 100                ; 100                ;
; Clock MUX Protection                                             ; On                 ; On                 ;
; Auto Gated Clock Conversion                                      ; Off                ; Off                ;
; Block Design Naming                                              ; Auto               ; Auto               ;
; SDC constraint protection                                        ; Off                ; Off                ;
; Synthesis Effort                                                 ; Auto               ; Auto               ;
; Shift Register Replacement - Allow Asynchronous Clear Signal     ; On                 ; On                 ;
; Pre-Mapping Resynthesis Optimization                             ; Off                ; Off                ;
; Analysis & Synthesis Message Level                               ; Medium             ; Medium             ;
; Disable Register Merging Across Hierarchies                      ; Auto               ; Auto               ;
; Resource Aware Inference For Block RAM                           ; On                 ; On                 ;
+------------------------------------------------------------------+--------------------+--------------------+


+----------------------------------------------------------------------------------------------------------------------------------------------------------------------------------------------------------------------+
; Analysis & Synthesis Source Files Read                                                                                                                                                                               ;
+-------------------------------------------+-----------------+-------------------------------------------------------+--------------------------------------------------------------------------------------+---------+
; File Name with User-Entered Path          ; Used in Netlist ; File Type                                             ; File Name with Absolute Path                                                         ; Library ;
+-------------------------------------------+-----------------+-------------------------------------------------------+--------------------------------------------------------------------------------------+---------+
; controller.vhd                            ; yes             ; User VHDL File                                        ; /home/anon/Desktop/IITB-proc/src/controller.vhd                                      ;         ;
; ALU.vhd                                   ; yes             ; User VHDL File                                        ; /home/anon/Desktop/IITB-proc/src/ALU.vhd                                             ;         ;
; memory.vhd                                ; yes             ; User VHDL File                                        ; /home/anon/Desktop/IITB-proc/src/memory.vhd                                          ;         ;
; RF.vhd                                    ; yes             ; User VHDL File                                        ; /home/anon/Desktop/IITB-proc/src/RF.vhd                                              ;         ;
; datapath.vhd                              ; yes             ; User VHDL File                                        ; /home/anon/Desktop/IITB-proc/src/datapath.vhd                                        ;         ;
; iitbproc.vhd                              ; yes             ; User VHDL File                                        ; /home/anon/Desktop/IITB-proc/src/iitbproc.vhd                                        ;         ;
; iitbproc-tb.vhd                           ; yes             ; User VHDL File                                        ; /home/anon/Desktop/IITB-proc/src/iitbproc-tb.vhd                                     ;         ;
; altsyncram.tdf                            ; yes             ; Megafunction                                          ; /home/anon/intelFPGA_lite/20.1/quartus/libraries/megafunctions/altsyncram.tdf        ;         ;
; stratix_ram_block.inc                     ; yes             ; Megafunction                                          ; /home/anon/intelFPGA_lite/20.1/quartus/libraries/megafunctions/stratix_ram_block.inc ;         ;
; lpm_mux.inc                               ; yes             ; Megafunction                                          ; /home/anon/intelFPGA_lite/20.1/quartus/libraries/megafunctions/lpm_mux.inc           ;         ;
; lpm_decode.inc                            ; yes             ; Megafunction                                          ; /home/anon/intelFPGA_lite/20.1/quartus/libraries/megafunctions/lpm_decode.inc        ;         ;
; aglobal201.inc                            ; yes             ; Megafunction                                          ; /home/anon/intelFPGA_lite/20.1/quartus/libraries/megafunctions/aglobal201.inc        ;         ;
; a_rdenreg.inc                             ; yes             ; Megafunction                                          ; /home/anon/intelFPGA_lite/20.1/quartus/libraries/megafunctions/a_rdenreg.inc         ;         ;
; altrom.inc                                ; yes             ; Megafunction                                          ; /home/anon/intelFPGA_lite/20.1/quartus/libraries/megafunctions/altrom.inc            ;         ;
; altram.inc                                ; yes             ; Megafunction                                          ; /home/anon/intelFPGA_lite/20.1/quartus/libraries/megafunctions/altram.inc            ;         ;
; altdpram.inc                              ; yes             ; Megafunction                                          ; /home/anon/intelFPGA_lite/20.1/quartus/libraries/megafunctions/altdpram.inc          ;         ;
; db/altsyncram_00m1.tdf                    ; yes             ; Auto-Generated Megafunction                           ; /home/anon/Desktop/IITB-proc/src/db/altsyncram_00m1.tdf                              ;         ;
; db/IITB-proc.ram0_memory_e411fb78.hdl.mif ; yes             ; Auto-Generated Auto-Found Memory Initialization File  ; /home/anon/Desktop/IITB-proc/src/db/IITB-proc.ram0_memory_e411fb78.hdl.mif           ;         ;
; db/decode_ksa.tdf                         ; yes             ; Auto-Generated Megafunction                           ; /home/anon/Desktop/IITB-proc/src/db/decode_ksa.tdf                                   ;         ;
; db/mux_job.tdf                            ; yes             ; Auto-Generated Megafunction                           ; /home/anon/Desktop/IITB-proc/src/db/mux_job.tdf                                      ;         ;
+-------------------------------------------+-----------------+-------------------------------------------------------+--------------------------------------------------------------------------------------+---------+


+---------------------------------------------------------+
; Analysis & Synthesis Resource Usage Summary             ;
+---------------------------------------------+-----------+
; Resource                                    ; Usage     ;
+---------------------------------------------+-----------+
; Estimated Total logic elements              ; 753       ;
;                                             ;           ;
; Total combinational functions               ; 641       ;
; Logic element usage by number of LUT inputs ;           ;
;     -- 4 input functions                    ; 471       ;
;     -- 3 input functions                    ; 137       ;
;     -- <=2 input functions                  ; 33        ;
;                                             ;           ;
; Logic elements by mode                      ;           ;
;     -- normal mode                          ; 641       ;
;     -- arithmetic mode                      ; 0         ;
;                                             ;           ;
; Total registers                             ; 211       ;
;     -- Dedicated logic registers            ; 211       ;
;     -- I/O registers                        ; 0         ;
;                                             ;           ;
; I/O pins                                    ; 36        ;
; Total memory bits                           ; 1048576   ;
;                                             ;           ;
; Embedded Multiplier 9-bit elements          ; 0         ;
;                                             ;           ;
; Maximum fan-out node                        ; clk~input ;
; Maximum fan-out                             ; 339       ;
; Total fan-out                               ; 6772      ;
; Average fan-out                             ; 6.44      ;
+---------------------------------------------+-----------+


+--------------------------------------------------------------------------------------------------------------------------------------------------------------------------------------------------------------------------------------------------------------------------------------------------------------------------------+
; Analysis & Synthesis Resource Utilization by Entity                                                                                                                                                                                                                                                                            ;
+----------------------------------------------+---------------------+---------------------------+-------------+--------------+---------+-----------+------+--------------+---------------------------------------------------------------------------------------------------------------------+-----------------+--------------+
; Compilation Hierarchy Node                   ; Combinational ALUTs ; Dedicated Logic Registers ; Memory Bits ; DSP Elements ; DSP 9x9 ; DSP 18x18 ; Pins ; Virtual Pins ; Full Hierarchy Name                                                                                                 ; Entity Name     ; Library Name ;
+----------------------------------------------+---------------------+---------------------------+-------------+--------------+---------+-----------+------+--------------+---------------------------------------------------------------------------------------------------------------------+-----------------+--------------+
; |iitbproc                                    ; 641 (0)             ; 211 (0)                   ; 1048576     ; 0            ; 0       ; 0         ; 36   ; 0            ; |iitbproc                                                                                                           ; iitbproc        ; work         ;
;    |controller:con|                          ; 70 (70)             ; 29 (29)                   ; 0           ; 0            ; 0       ; 0         ; 0    ; 0            ; |iitbproc|controller:con                                                                                            ; controller      ; work         ;
;    |datapath:dp|                             ; 571 (207)           ; 182 (51)                  ; 1048576     ; 0            ; 0       ; 0         ; 0    ; 0            ; |iitbproc|datapath:dp                                                                                               ; datapath        ; work         ;
;       |ALU:alu_instance|                     ; 106 (5)             ; 0 (0)                     ; 0           ; 0            ; 0       ; 0         ; 0    ; 0            ; |iitbproc|datapath:dp|ALU:alu_instance                                                                              ; ALU             ; work         ;
;          |adder:add|                         ; 86 (50)             ; 0 (0)                     ; 0           ; 0            ; 0       ; 0         ; 0    ; 0            ; |iitbproc|datapath:dp|ALU:alu_instance|adder:add                                                                    ; adder           ; work         ;
;             |adder_prop:\lvl1:10:GP1|        ; 1 (1)               ; 0 (0)                     ; 0           ; 0            ; 0       ; 0         ; 0    ; 0            ; |iitbproc|datapath:dp|ALU:alu_instance|adder:add|adder_prop:\lvl1:10:GP1                                            ; adder_prop      ; work         ;
;             |adder_prop:\lvl1:11:GP1|        ; 1 (1)               ; 0 (0)                     ; 0           ; 0            ; 0       ; 0         ; 0    ; 0            ; |iitbproc|datapath:dp|ALU:alu_instance|adder:add|adder_prop:\lvl1:11:GP1                                            ; adder_prop      ; work         ;
;             |adder_prop:\lvl1:12:GP1|        ; 1 (1)               ; 0 (0)                     ; 0           ; 0            ; 0       ; 0         ; 0    ; 0            ; |iitbproc|datapath:dp|ALU:alu_instance|adder:add|adder_prop:\lvl1:12:GP1                                            ; adder_prop      ; work         ;
;             |adder_prop:\lvl1:13:GP1|        ; 1 (1)               ; 0 (0)                     ; 0           ; 0            ; 0       ; 0         ; 0    ; 0            ; |iitbproc|datapath:dp|ALU:alu_instance|adder:add|adder_prop:\lvl1:13:GP1                                            ; adder_prop      ; work         ;
;             |adder_prop:\lvl1:14:GP1|        ; 1 (1)               ; 0 (0)                     ; 0           ; 0            ; 0       ; 0         ; 0    ; 0            ; |iitbproc|datapath:dp|ALU:alu_instance|adder:add|adder_prop:\lvl1:14:GP1                                            ; adder_prop      ; work         ;
;             |adder_prop:\lvl1:15:GP1|        ; 1 (1)               ; 0 (0)                     ; 0           ; 0            ; 0       ; 0         ; 0    ; 0            ; |iitbproc|datapath:dp|ALU:alu_instance|adder:add|adder_prop:\lvl1:15:GP1                                            ; adder_prop      ; work         ;
;             |adder_prop:\lvl1:1:GP1|         ; 1 (1)               ; 0 (0)                     ; 0           ; 0            ; 0       ; 0         ; 0    ; 0            ; |iitbproc|datapath:dp|ALU:alu_instance|adder:add|adder_prop:\lvl1:1:GP1                                             ; adder_prop      ; work         ;
;             |adder_prop:\lvl1:2:GP1|         ; 1 (1)               ; 0 (0)                     ; 0           ; 0            ; 0       ; 0         ; 0    ; 0            ; |iitbproc|datapath:dp|ALU:alu_instance|adder:add|adder_prop:\lvl1:2:GP1                                             ; adder_prop      ; work         ;
;             |adder_prop:\lvl1:3:GP1|         ; 1 (1)               ; 0 (0)                     ; 0           ; 0            ; 0       ; 0         ; 0    ; 0            ; |iitbproc|datapath:dp|ALU:alu_instance|adder:add|adder_prop:\lvl1:3:GP1                                             ; adder_prop      ; work         ;
;             |adder_prop:\lvl1:4:GP1|         ; 1 (1)               ; 0 (0)                     ; 0           ; 0            ; 0       ; 0         ; 0    ; 0            ; |iitbproc|datapath:dp|ALU:alu_instance|adder:add|adder_prop:\lvl1:4:GP1                                             ; adder_prop      ; work         ;
;             |adder_prop:\lvl1:5:GP1|         ; 1 (1)               ; 0 (0)                     ; 0           ; 0            ; 0       ; 0         ; 0    ; 0            ; |iitbproc|datapath:dp|ALU:alu_instance|adder:add|adder_prop:\lvl1:5:GP1                                             ; adder_prop      ; work         ;
;             |adder_prop:\lvl1:6:GP1|         ; 1 (1)               ; 0 (0)                     ; 0           ; 0            ; 0       ; 0         ; 0    ; 0            ; |iitbproc|datapath:dp|ALU:alu_instance|adder:add|adder_prop:\lvl1:6:GP1                                             ; adder_prop      ; work         ;
;             |adder_prop:\lvl1:7:GP1|         ; 1 (1)               ; 0 (0)                     ; 0           ; 0            ; 0       ; 0         ; 0    ; 0            ; |iitbproc|datapath:dp|ALU:alu_instance|adder:add|adder_prop:\lvl1:7:GP1                                             ; adder_prop      ; work         ;
;             |adder_prop:\lvl1:8:GP1|         ; 1 (1)               ; 0 (0)                     ; 0           ; 0            ; 0       ; 0         ; 0    ; 0            ; |iitbproc|datapath:dp|ALU:alu_instance|adder:add|adder_prop:\lvl1:8:GP1                                             ; adder_prop      ; work         ;
;             |adder_prop:\lvl1:9:GP1|         ; 1 (1)               ; 0 (0)                     ; 0           ; 0            ; 0       ; 0         ; 0    ; 0            ; |iitbproc|datapath:dp|ALU:alu_instance|adder:add|adder_prop:\lvl1:9:GP1                                             ; adder_prop      ; work         ;
;             |adder_prop:\lvl2:10:GP2|        ; 2 (2)               ; 0 (0)                     ; 0           ; 0            ; 0       ; 0         ; 0    ; 0            ; |iitbproc|datapath:dp|ALU:alu_instance|adder:add|adder_prop:\lvl2:10:GP2                                            ; adder_prop      ; work         ;
;             |adder_prop:\lvl2:11:GP2|        ; 3 (3)               ; 0 (0)                     ; 0           ; 0            ; 0       ; 0         ; 0    ; 0            ; |iitbproc|datapath:dp|ALU:alu_instance|adder:add|adder_prop:\lvl2:11:GP2                                            ; adder_prop      ; work         ;
;             |adder_prop:\lvl2:14:GP2|        ; 1 (1)               ; 0 (0)                     ; 0           ; 0            ; 0       ; 0         ; 0    ; 0            ; |iitbproc|datapath:dp|ALU:alu_instance|adder:add|adder_prop:\lvl2:14:GP2                                            ; adder_prop      ; work         ;
;             |adder_prop:\lvl2:4:GP2|         ; 2 (2)               ; 0 (0)                     ; 0           ; 0            ; 0       ; 0         ; 0    ; 0            ; |iitbproc|datapath:dp|ALU:alu_instance|adder:add|adder_prop:\lvl2:4:GP2                                             ; adder_prop      ; work         ;
;             |adder_prop:\lvl2:5:GP2|         ; 1 (1)               ; 0 (0)                     ; 0           ; 0            ; 0       ; 0         ; 0    ; 0            ; |iitbproc|datapath:dp|ALU:alu_instance|adder:add|adder_prop:\lvl2:5:GP2                                             ; adder_prop      ; work         ;
;             |adder_prop:\lvl2:6:GP2|         ; 2 (2)               ; 0 (0)                     ; 0           ; 0            ; 0       ; 0         ; 0    ; 0            ; |iitbproc|datapath:dp|ALU:alu_instance|adder:add|adder_prop:\lvl2:6:GP2                                             ; adder_prop      ; work         ;
;             |adder_prop:\lvl2:7:GP2|         ; 3 (3)               ; 0 (0)                     ; 0           ; 0            ; 0       ; 0         ; 0    ; 0            ; |iitbproc|datapath:dp|ALU:alu_instance|adder:add|adder_prop:\lvl2:7:GP2                                             ; adder_prop      ; work         ;
;             |adder_prop:\lvl2:8:GP2|         ; 1 (1)               ; 0 (0)                     ; 0           ; 0            ; 0       ; 0         ; 0    ; 0            ; |iitbproc|datapath:dp|ALU:alu_instance|adder:add|adder_prop:\lvl2:8:GP2                                             ; adder_prop      ; work         ;
;             |adder_prop:\lvl2:9:GP2|         ; 2 (2)               ; 0 (0)                     ; 0           ; 0            ; 0       ; 0         ; 0    ; 0            ; |iitbproc|datapath:dp|ALU:alu_instance|adder:add|adder_prop:\lvl2:9:GP2                                             ; adder_prop      ; work         ;
;             |adder_prop:\lvl3:6:GP3|         ; 2 (2)               ; 0 (0)                     ; 0           ; 0            ; 0       ; 0         ; 0    ; 0            ; |iitbproc|datapath:dp|ALU:alu_instance|adder:add|adder_prop:\lvl3:6:GP3                                             ; adder_prop      ; work         ;
;             |adder_prop:\lvl3:7:GP3|         ; 2 (2)               ; 0 (0)                     ; 0           ; 0            ; 0       ; 0         ; 0    ; 0            ; |iitbproc|datapath:dp|ALU:alu_instance|adder:add|adder_prop:\lvl3:7:GP3                                             ; adder_prop      ; work         ;
;          |nand16:logic|                      ; 15 (15)             ; 0 (0)                     ; 0           ; 0            ; 0       ; 0         ; 0    ; 0            ; |iitbproc|datapath:dp|ALU:alu_instance|nand16:logic                                                                 ; nand16          ; work         ;
;       |RF:rf_instance|                       ; 152 (152)           ; 128 (128)                 ; 0           ; 0            ; 0       ; 0         ; 0    ; 0            ; |iitbproc|datapath:dp|RF:rf_instance                                                                                ; RF              ; work         ;
;       |memory:memory_instance|               ; 106 (0)             ; 3 (0)                     ; 1048576     ; 0            ; 0       ; 0         ; 0    ; 0            ; |iitbproc|datapath:dp|memory:memory_instance                                                                        ; memory          ; work         ;
;          |altsyncram:ram_rtl_0|              ; 106 (0)             ; 3 (0)                     ; 1048576     ; 0            ; 0       ; 0         ; 0    ; 0            ; |iitbproc|datapath:dp|memory:memory_instance|altsyncram:ram_rtl_0                                                   ; altsyncram      ; work         ;
;             |altsyncram_00m1:auto_generated| ; 106 (0)             ; 3 (3)                     ; 1048576     ; 0            ; 0       ; 0         ; 0    ; 0            ; |iitbproc|datapath:dp|memory:memory_instance|altsyncram:ram_rtl_0|altsyncram_00m1:auto_generated                    ; altsyncram_00m1 ; work         ;
;                |decode_ksa:decode2|          ; 10 (10)             ; 0 (0)                     ; 0           ; 0            ; 0       ; 0         ; 0    ; 0            ; |iitbproc|datapath:dp|memory:memory_instance|altsyncram:ram_rtl_0|altsyncram_00m1:auto_generated|decode_ksa:decode2 ; decode_ksa      ; work         ;
;                |mux_job:mux3|                ; 96 (96)             ; 0 (0)                     ; 0           ; 0            ; 0       ; 0         ; 0    ; 0            ; |iitbproc|datapath:dp|memory:memory_instance|altsyncram:ram_rtl_0|altsyncram_00m1:auto_generated|mux_job:mux3       ; mux_job         ; work         ;
+----------------------------------------------+---------------------+---------------------------+-------------+--------------+---------+-----------+------+--------------+---------------------------------------------------------------------------------------------------------------------+-----------------+--------------+
Note: For table entries with two numbers listed, the numbers in parentheses indicate the number of resources of the given type used by the specific entity alone. The numbers listed outside of parentheses indicate the total resources of the given type used by the specific entity and all of its sub-entities in the hierarchy.


+-----------------------------------------------------------------------------------------------------------------------------------------------------------------------------------------------------------------------------------------------+
; Analysis & Synthesis RAM Summary                                                                                                                                                                                                              ;
+---------------------------------------------------------------------------------------------------+------+------------------+--------------+--------------+--------------+--------------+---------+-------------------------------------------+
; Name                                                                                              ; Type ; Mode             ; Port A Depth ; Port A Width ; Port B Depth ; Port B Width ; Size    ; MIF                                       ;
+---------------------------------------------------------------------------------------------------+------+------------------+--------------+--------------+--------------+--------------+---------+-------------------------------------------+
; datapath:dp|memory:memory_instance|altsyncram:ram_rtl_0|altsyncram_00m1:auto_generated|ALTSYNCRAM ; AUTO ; Simple Dual Port ; 65536        ; 16           ; 65536        ; 16           ; 1048576 ; db/IITB-proc.ram0_memory_e411fb78.hdl.mif ;
+---------------------------------------------------------------------------------------------------+------+------------------+--------------+--------------+--------------+--------------+---------+-------------------------------------------+


+-------------------------------------------------------------------------+
; Registers Removed During Synthesis                                      ;
+---------------------------------------+---------------------------------+
; Register name                         ; Reason for Removal              ;
+---------------------------------------+---------------------------------+
; controller:con|rf_rc                  ; Merged with controller:con|m_we ;
; Total Number of Removed Registers = 1 ;                                 ;
+---------------------------------------+---------------------------------+


+------------------------------------------------------+
; General Register Statistics                          ;
+----------------------------------------------+-------+
; Statistic                                    ; Value ;
+----------------------------------------------+-------+
; Total registers                              ; 211   ;
; Number of registers using Synchronous Clear  ; 14    ;
; Number of registers using Synchronous Load   ; 34    ;
; Number of registers using Asynchronous Clear ; 0     ;
; Number of registers using Asynchronous Load  ; 0     ;
; Number of registers using Clock Enable       ; 160   ;
; Number of registers using Preset             ; 0     ;
+----------------------------------------------+-------+


+---------------------------------------------------------------------------------------------------+
; Registers Packed Into Inferred Megafunctions                                                      ;
+---------------------------------------------+----------------------------------------------+------+
; Register Name                               ; Megafunction                                 ; Type ;
+---------------------------------------------+----------------------------------------------+------+
; datapath:dp|memory:memory_instance|o[0..15] ; datapath:dp|memory:memory_instance|ram_rtl_0 ; RAM  ;
+---------------------------------------------+----------------------------------------------+------+


+-----------------------------------------------------------------------------------------------------------------------------------------------------+
; Multiplexer Restructuring Statistics (Restructuring Performed)                                                                                      ;
+--------------------+-----------+---------------+----------------------+------------------------+------------+---------------------------------------+
; Multiplexer Inputs ; Bus Width ; Baseline Area ; Area if Restructured ; Saving if Restructured ; Registered ; Example Multiplexer Output            ;
+--------------------+-----------+---------------+----------------------+------------------------+------------+---------------------------------------+
; 13:1               ; 3 bits    ; 24 LEs        ; 15 LEs               ; 9 LEs                  ; Yes        ; |iitbproc|controller:con|rf_wc[1]     ;
; 12:1               ; 3 bits    ; 24 LEs        ; 3 LEs                ; 21 LEs                 ; Yes        ; |iitbproc|controller:con|rf_master[0] ;
; 14:1               ; 3 bits    ; 27 LEs        ; 18 LEs               ; 9 LEs                  ; Yes        ; |iitbproc|controller:con|rf_wc[0]     ;
; 15:1               ; 2 bits    ; 20 LEs        ; 12 LEs               ; 8 LEs                  ; Yes        ; |iitbproc|controller:con|rf_we        ;
; 4:1                ; 16 bits   ; 32 LEs        ; 32 LEs               ; 0 LEs                  ; No         ; |iitbproc|datapath:dp|alu_a[3]        ;
; 3:1                ; 8 bits    ; 16 LEs        ; 16 LEs               ; 0 LEs                  ; No         ; |iitbproc|datapath:dp|alu_b[9]        ;
; 4:1                ; 7 bits    ; 14 LEs        ; 14 LEs               ; 0 LEs                  ; No         ; |iitbproc|datapath:dp|rf_data[5]      ;
; 4:1                ; 9 bits    ; 18 LEs        ; 18 LEs               ; 0 LEs                  ; No         ; |iitbproc|datapath:dp|rf_data[15]     ;
; 4:1                ; 3 bits    ; 6 LEs         ; 6 LEs                ; 0 LEs                  ; No         ; |iitbproc|datapath:dp|rf_w[0]         ;
; 3:1                ; 16 bits   ; 32 LEs        ; 32 LEs               ; 0 LEs                  ; No         ; |iitbproc|datapath:dp|m_write[7]      ;
; 4:1                ; 2 bits    ; 4 LEs         ; 4 LEs                ; 0 LEs                  ; No         ; |iitbproc|datapath:dp|alu_b[7]        ;
; 3:1                ; 6 bits    ; 12 LEs        ; 12 LEs               ; 0 LEs                  ; No         ; |iitbproc|datapath:dp|alu_b[5]        ;
+--------------------+-----------+---------------+----------------------+------------------------+------------+---------------------------------------+


+---------------------------------------------------------------------------------------------------------------+
; Source assignments for datapath:dp|memory:memory_instance|altsyncram:ram_rtl_0|altsyncram_00m1:auto_generated ;
+---------------------------------+--------------------+------+-------------------------------------------------+
; Assignment                      ; Value              ; From ; To                                              ;
+---------------------------------+--------------------+------+-------------------------------------------------+
; OPTIMIZE_POWER_DURING_SYNTHESIS ; NORMAL_COMPILATION ; -    ; -                                               ;
+---------------------------------+--------------------+------+-------------------------------------------------+


+----------------------------------------------------------------------------------------------------------+
; Parameter Settings for Inferred Entity Instance: datapath:dp|memory:memory_instance|altsyncram:ram_rtl_0 ;
+------------------------------------+-------------------------------------------+-------------------------+
; Parameter Name                     ; Value                                     ; Type                    ;
+------------------------------------+-------------------------------------------+-------------------------+
; BYTE_SIZE_BLOCK                    ; 8                                         ; Untyped                 ;
; AUTO_CARRY_CHAINS                  ; ON                                        ; AUTO_CARRY              ;
; IGNORE_CARRY_BUFFERS               ; OFF                                       ; IGNORE_CARRY            ;
; AUTO_CASCADE_CHAINS                ; ON                                        ; AUTO_CASCADE            ;
; IGNORE_CASCADE_BUFFERS             ; OFF                                       ; IGNORE_CASCADE          ;
; WIDTH_BYTEENA                      ; 1                                         ; Untyped                 ;
; OPERATION_MODE                     ; DUAL_PORT                                 ; Untyped                 ;
; WIDTH_A                            ; 16                                        ; Untyped                 ;
; WIDTHAD_A                          ; 16                                        ; Untyped                 ;
; NUMWORDS_A                         ; 65536                                     ; Untyped                 ;
; OUTDATA_REG_A                      ; UNREGISTERED                              ; Untyped                 ;
; ADDRESS_ACLR_A                     ; NONE                                      ; Untyped                 ;
; OUTDATA_ACLR_A                     ; NONE                                      ; Untyped                 ;
; WRCONTROL_ACLR_A                   ; NONE                                      ; Untyped                 ;
; INDATA_ACLR_A                      ; NONE                                      ; Untyped                 ;
; BYTEENA_ACLR_A                     ; NONE                                      ; Untyped                 ;
; WIDTH_B                            ; 16                                        ; Untyped                 ;
; WIDTHAD_B                          ; 16                                        ; Untyped                 ;
; NUMWORDS_B                         ; 65536                                     ; Untyped                 ;
; INDATA_REG_B                       ; CLOCK1                                    ; Untyped                 ;
; WRCONTROL_WRADDRESS_REG_B          ; CLOCK1                                    ; Untyped                 ;
; RDCONTROL_REG_B                    ; CLOCK1                                    ; Untyped                 ;
; ADDRESS_REG_B                      ; CLOCK0                                    ; Untyped                 ;
; OUTDATA_REG_B                      ; UNREGISTERED                              ; Untyped                 ;
; BYTEENA_REG_B                      ; CLOCK1                                    ; Untyped                 ;
; INDATA_ACLR_B                      ; NONE                                      ; Untyped                 ;
; WRCONTROL_ACLR_B                   ; NONE                                      ; Untyped                 ;
; ADDRESS_ACLR_B                     ; NONE                                      ; Untyped                 ;
; OUTDATA_ACLR_B                     ; NONE                                      ; Untyped                 ;
; RDCONTROL_ACLR_B                   ; NONE                                      ; Untyped                 ;
; BYTEENA_ACLR_B                     ; NONE                                      ; Untyped                 ;
; WIDTH_BYTEENA_A                    ; 1                                         ; Untyped                 ;
; WIDTH_BYTEENA_B                    ; 1                                         ; Untyped                 ;
; RAM_BLOCK_TYPE                     ; AUTO                                      ; Untyped                 ;
; BYTE_SIZE                          ; 8                                         ; Untyped                 ;
; READ_DURING_WRITE_MODE_MIXED_PORTS ; OLD_DATA                                  ; Untyped                 ;
; READ_DURING_WRITE_MODE_PORT_A      ; NEW_DATA_NO_NBE_READ                      ; Untyped                 ;
; READ_DURING_WRITE_MODE_PORT_B      ; NEW_DATA_NO_NBE_READ                      ; Untyped                 ;
; INIT_FILE                          ; db/IITB-proc.ram0_memory_e411fb78.hdl.mif ; Untyped                 ;
; INIT_FILE_LAYOUT                   ; PORT_A                                    ; Untyped                 ;
; MAXIMUM_DEPTH                      ; 0                                         ; Untyped                 ;
; CLOCK_ENABLE_INPUT_A               ; NORMAL                                    ; Untyped                 ;
; CLOCK_ENABLE_INPUT_B               ; NORMAL                                    ; Untyped                 ;
; CLOCK_ENABLE_OUTPUT_A              ; NORMAL                                    ; Untyped                 ;
; CLOCK_ENABLE_OUTPUT_B              ; NORMAL                                    ; Untyped                 ;
; CLOCK_ENABLE_CORE_A                ; USE_INPUT_CLKEN                           ; Untyped                 ;
; CLOCK_ENABLE_CORE_B                ; USE_INPUT_CLKEN                           ; Untyped                 ;
; ENABLE_ECC                         ; FALSE                                     ; Untyped                 ;
; ECC_PIPELINE_STAGE_ENABLED         ; FALSE                                     ; Untyped                 ;
; WIDTH_ECCSTATUS                    ; 3                                         ; Untyped                 ;
; DEVICE_FAMILY                      ; Cyclone 10 LP                             ; Untyped                 ;
; CBXI_PARAMETER                     ; altsyncram_00m1                           ; Untyped                 ;
+------------------------------------+-------------------------------------------+-------------------------+
Note: In order to hide this table in the UI and the text report file, please set the "Show Parameter Settings in Synthesis Report" option in "Analysis and Synthesis Settings -> More Settings" to "Off".


+-----------------------------------------------------------------------------------------------------+
; altsyncram Parameter Settings by Entity Instance                                                    ;
+-------------------------------------------+---------------------------------------------------------+
; Name                                      ; Value                                                   ;
+-------------------------------------------+---------------------------------------------------------+
; Number of entity instances                ; 1                                                       ;
; Entity Instance                           ; datapath:dp|memory:memory_instance|altsyncram:ram_rtl_0 ;
;     -- OPERATION_MODE                     ; DUAL_PORT                                               ;
;     -- WIDTH_A                            ; 16                                                      ;
;     -- NUMWORDS_A                         ; 65536                                                   ;
;     -- OUTDATA_REG_A                      ; UNREGISTERED                                            ;
;     -- WIDTH_B                            ; 16                                                      ;
;     -- NUMWORDS_B                         ; 65536                                                   ;
;     -- ADDRESS_REG_B                      ; CLOCK0                                                  ;
;     -- OUTDATA_REG_B                      ; UNREGISTERED                                            ;
;     -- RAM_BLOCK_TYPE                     ; AUTO                                                    ;
;     -- READ_DURING_WRITE_MODE_MIXED_PORTS ; OLD_DATA                                                ;
+-------------------------------------------+---------------------------------------------------------+


+-----------------------------------------------------+
; Post-Synthesis Netlist Statistics for Top Partition ;
+-----------------------+-----------------------------+
; Type                  ; Count                       ;
+-----------------------+-----------------------------+
; boundary_port         ; 36                          ;
; cycloneiii_ff         ; 211                         ;
;     ENA               ; 144                         ;
;     ENA SLD           ; 16                          ;
;     SCLR              ; 14                          ;
;     SLD               ; 18                          ;
;     plain             ; 19                          ;
; cycloneiii_lcell_comb ; 641                         ;
;     normal            ; 641                         ;
;         2 data inputs ; 33                          ;
;         3 data inputs ; 137                         ;
;         4 data inputs ; 471                         ;
; cycloneiii_ram_block  ; 128                         ;
;                       ;                             ;
; Max LUT depth         ; 17.00                       ;
; Average LUT depth     ; 10.35                       ;
+-----------------------+-----------------------------+


+-------------------------------+
; Elapsed Time Per Partition    ;
+----------------+--------------+
; Partition Name ; Elapsed Time ;
+----------------+--------------+
; Top            ; 00:00:06     ;
+----------------+--------------+


+-------------------------------+
; Analysis & Synthesis Messages ;
+-------------------------------+
Info: *******************************************************************
Info: Running Quartus Prime Analysis & Synthesis
    Info: Version 20.1.0 Build 711 06/05/2020 SJ Lite Edition
    Info: Processing started: Thu May 20 13:15:31 2021
Info: Command: quartus_map --read_settings_files=on --write_settings_files=off IITB-proc -c IITB-proc
Warning (18236): Number of processors has not been specified which may cause overloading on shared machines.  Set the global assignment NUM_PARALLEL_PROCESSORS in your QSF to an appropriate value for best performance.
Info (20029): Only one processor detected - disabling parallel compilation
Info (12021): Found 2 design units, including 1 entities, in source file controller.vhd
    Info (12022): Found design unit 1: controller-behv File: /home/anon/Desktop/IITB-proc/src/controller.vhd Line: 37
    Info (12023): Found entity 1: controller File: /home/anon/Desktop/IITB-proc/src/controller.vhd Line: 8
Info (12021): Found 8 design units, including 4 entities, in source file ALU.vhd
    Info (12022): Found design unit 1: adder_prop-behv File: /home/anon/Desktop/IITB-proc/src/ALU.vhd Line: 20
    Info (12022): Found design unit 2: adder-behv File: /home/anon/Desktop/IITB-proc/src/ALU.vhd Line: 44
    Info (12022): Found design unit 3: nand16-behv File: /home/anon/Desktop/IITB-proc/src/ALU.vhd Line: 156
    Info (12022): Found design unit 4: ALU-behv File: /home/anon/Desktop/IITB-proc/src/ALU.vhd Line: 186
    Info (12023): Found entity 1: adder_prop File: /home/anon/Desktop/IITB-proc/src/ALU.vhd Line: 11
    Info (12023): Found entity 2: adder File: /home/anon/Desktop/IITB-proc/src/ALU.vhd Line: 34
    Info (12023): Found entity 3: nand16 File: /home/anon/Desktop/IITB-proc/src/ALU.vhd Line: 148
    Info (12023): Found entity 4: ALU File: /home/anon/Desktop/IITB-proc/src/ALU.vhd Line: 176
Info (12021): Found 2 design units, including 1 entities, in source file memory.vhd
    Info (12022): Found design unit 1: memory-behv File: /home/anon/Desktop/IITB-proc/src/memory.vhd Line: 20
    Info (12023): Found entity 1: memory File: /home/anon/Desktop/IITB-proc/src/memory.vhd Line: 8
Info (12021): Found 2 design units, including 1 entities, in source file RF.vhd
    Info (12022): Found design unit 1: RF-behv File: /home/anon/Desktop/IITB-proc/src/RF.vhd Line: 20
    Info (12023): Found entity 1: RF File: /home/anon/Desktop/IITB-proc/src/RF.vhd Line: 8
Info (12021): Found 2 design units, including 1 entities, in source file datapath.vhd
    Info (12022): Found design unit 1: datapath-behv File: /home/anon/Desktop/IITB-proc/src/datapath.vhd Line: 36
    Info (12023): Found entity 1: datapath File: /home/anon/Desktop/IITB-proc/src/datapath.vhd Line: 7
Info (12021): Found 2 design units, including 1 entities, in source file iitbproc.vhd
    Info (12022): Found design unit 1: iitbproc-behv File: /home/anon/Desktop/IITB-proc/src/iitbproc.vhd Line: 18
    Info (12023): Found entity 1: iitbproc File: /home/anon/Desktop/IITB-proc/src/iitbproc.vhd Line: 7
Info (12021): Found 2 design units, including 1 entities, in source file iitbproc-tb.vhd
    Info (12022): Found design unit 1: cputest-behv File: /home/anon/Desktop/IITB-proc/src/iitbproc-tb.vhd Line: 13
    Info (12023): Found entity 1: cputest File: /home/anon/Desktop/IITB-proc/src/iitbproc-tb.vhd Line: 10
Info (12127): Elaborating entity "iitbproc" for the top level hierarchy
Info (12128): Elaborating entity "datapath" for hierarchy "datapath:dp" File: /home/anon/Desktop/IITB-proc/src/iitbproc.vhd Line: 91
Info (12128): Elaborating entity "ALU" for hierarchy "datapath:dp|ALU:alu_instance" File: /home/anon/Desktop/IITB-proc/src/datapath.vhd Line: 95
Info (12128): Elaborating entity "adder" for hierarchy "datapath:dp|ALU:alu_instance|adder:add" File: /home/anon/Desktop/IITB-proc/src/ALU.vhd Line: 208
Warning (10036): Verilog HDL or VHDL warning at ALU.vhd(54): object "bx" assigned a value but never read File: /home/anon/Desktop/IITB-proc/src/ALU.vhd Line: 54
Info (12128): Elaborating entity "adder_prop" for hierarchy "datapath:dp|ALU:alu_instance|adder:add|adder_prop:\lvl1:15:GP1" File: /home/anon/Desktop/IITB-proc/src/ALU.vhd Line: 84
Info (12128): Elaborating entity "nand16" for hierarchy "datapath:dp|ALU:alu_instance|nand16:logic" File: /home/anon/Desktop/IITB-proc/src/ALU.vhd Line: 210
Info (12128): Elaborating entity "memory" for hierarchy "datapath:dp|memory:memory_instance" File: /home/anon/Desktop/IITB-proc/src/datapath.vhd Line: 98
Info (12128): Elaborating entity "RF" for hierarchy "datapath:dp|RF:rf_instance" File: /home/anon/Desktop/IITB-proc/src/datapath.vhd Line: 101
Info (12128): Elaborating entity "controller" for hierarchy "controller:con" File: /home/anon/Desktop/IITB-proc/src/iitbproc.vhd Line: 93
Info (276014): Found 1 instances of uninferred RAM logic
    Info (276004): RAM logic "datapath:dp|RF:rf_instance|regfile" is uninferred due to inappropriate RAM size File: /home/anon/Desktop/IITB-proc/src/RF.vhd Line: 22
Info (19000): Inferred 1 megafunctions from design logic
    Info (276029): Inferred altsyncram megafunction from the following design logic: "datapath:dp|memory:memory_instance|ram_rtl_0" 
        Info (286033): Parameter OPERATION_MODE set to DUAL_PORT
        Info (286033): Parameter WIDTH_A set to 16
        Info (286033): Parameter WIDTHAD_A set to 16
        Info (286033): Parameter NUMWORDS_A set to 65536
        Info (286033): Parameter WIDTH_B set to 16
        Info (286033): Parameter WIDTHAD_B set to 16
        Info (286033): Parameter NUMWORDS_B set to 65536
        Info (286033): Parameter ADDRESS_ACLR_A set to NONE
        Info (286033): Parameter OUTDATA_REG_B set to UNREGISTERED
        Info (286033): Parameter ADDRESS_ACLR_B set to NONE
        Info (286033): Parameter OUTDATA_ACLR_B set to NONE
        Info (286033): Parameter ADDRESS_REG_B set to CLOCK0
        Info (286033): Parameter INDATA_ACLR_A set to NONE
        Info (286033): Parameter WRCONTROL_ACLR_A set to NONE
        Info (286033): Parameter INIT_FILE set to db/IITB-proc.ram0_memory_e411fb78.hdl.mif
        Info (286033): Parameter READ_DURING_WRITE_MODE_MIXED_PORTS set to OLD_DATA
Info (12130): Elaborated megafunction instantiation "datapath:dp|memory:memory_instance|altsyncram:ram_rtl_0"
Info (12133): Instantiated megafunction "datapath:dp|memory:memory_instance|altsyncram:ram_rtl_0" with the following parameter:
    Info (12134): Parameter "OPERATION_MODE" = "DUAL_PORT"
    Info (12134): Parameter "WIDTH_A" = "16"
    Info (12134): Parameter "WIDTHAD_A" = "16"
    Info (12134): Parameter "NUMWORDS_A" = "65536"
    Info (12134): Parameter "WIDTH_B" = "16"
    Info (12134): Parameter "WIDTHAD_B" = "16"
    Info (12134): Parameter "NUMWORDS_B" = "65536"
    Info (12134): Parameter "ADDRESS_ACLR_A" = "NONE"
    Info (12134): Parameter "OUTDATA_REG_B" = "UNREGISTERED"
    Info (12134): Parameter "ADDRESS_ACLR_B" = "NONE"
    Info (12134): Parameter "OUTDATA_ACLR_B" = "NONE"
    Info (12134): Parameter "ADDRESS_REG_B" = "CLOCK0"
    Info (12134): Parameter "INDATA_ACLR_A" = "NONE"
    Info (12134): Parameter "WRCONTROL_ACLR_A" = "NONE"
    Info (12134): Parameter "INIT_FILE" = "db/IITB-proc.ram0_memory_e411fb78.hdl.mif"
    Info (12134): Parameter "READ_DURING_WRITE_MODE_MIXED_PORTS" = "OLD_DATA"
Info (12021): Found 1 design units, including 1 entities, in source file db/altsyncram_00m1.tdf
    Info (12023): Found entity 1: altsyncram_00m1 File: /home/anon/Desktop/IITB-proc/src/db/altsyncram_00m1.tdf Line: 32
Info (12021): Found 1 design units, including 1 entities, in source file db/decode_ksa.tdf
    Info (12023): Found entity 1: decode_ksa File: /home/anon/Desktop/IITB-proc/src/db/decode_ksa.tdf Line: 23
Info (12021): Found 1 design units, including 1 entities, in source file db/mux_job.tdf
    Info (12023): Found entity 1: mux_job File: /home/anon/Desktop/IITB-proc/src/db/mux_job.tdf Line: 23
Info (286030): Timing-Driven Synthesis is running
Info (16010): Generating hard_block partition "hard_block:auto_generated_inst"
    Info (16011): Adding 0 node(s), including 0 DDIO, 0 PLL, 0 transceiver and 0 LCELL
Info (21057): Implemented 982 device resources after synthesis - the final resource count might be different
    Info (21058): Implemented 35 input pins
    Info (21059): Implemented 1 output pins
    Info (21061): Implemented 818 logic cells
    Info (21064): Implemented 128 RAM segments
Info: Quartus Prime Analysis & Synthesis was successful. 0 errors, 2 warnings
    Info: Peak virtual memory: 442 megabytes
    Info: Processing ended: Thu May 20 13:16:17 2021
    Info: Elapsed time: 00:00:46
    Info: Total CPU time (on all processors): 00:00:39


